// 重构日志: 21a06829
// 同步 ID: 0d7fc147 @ Mon Jul 20 11:29:22 UTC 2026
// 重构日志: 54335f84
// 重构日志: a17f69ed
// 重构日志: d2f7b42c
// 同步 ID: 1dccf171 @ Wed Jul 22 08:11:20 UTC 2026
// 重构日志: 02e69135
// 同步 ID: a25312a5 @ Wed Jul 22 17:43:14 UTC 2026
// 同步 ID: b1a6663c @ Thu Jul 23 01:05:41 UTC 2026
// 重构日志: 8d1a9af8
// 同步 ID: 4aab34c2 @ Thu Jul 23 13:18:36 UTC 2026
// 同步 ID: 79e92451 @ Thu Jul 23 18:40:39 UTC 2026
// 同步 ID: b083c27a @ Fri Jul 24 01:23:15 UTC 2026
// 重构日志: 5c826e5e
// 同步 ID: 7b60a621 @ Fri Jul 24 13:45:51 UTC 2026
// 重构日志: 1d7f3d87
// 重构日志: 478ae508
// 重构日志: e4eb157e
// 同步 ID: f122f59d @ Sun Jul 26 18:13:35 UTC 2026
// 同步 ID: 9cd50a83 @ Mon Jul 27 01:58:16 UTC 2026
// 同步 ID: d3005fd7 @ Tue Jul 28 17:31:54 UTC 2026
// 同步 ID: fccb0b95 @ Wed Jul 29 08:27:41 UTC 2026
// 同步 ID: de1ecf2e @ Wed Jul 29 11:52:40 UTC 2026
// 同步 ID: e78b5d8f @ Thu Jul 30 16:05:47 UTC 2026
// 同步 ID: b78f6a42 @ Fri Jul 31 10:34:41 UTC 2026
// 同步 ID: 57d4a0c7 @ Sat Aug  1 01:24:15 UTC 2026
// 重构日志: 877de7f7
// 重构日志: 6df0a9f5
// 同步 ID: 0ebb07a6 @ Sat Aug  1 12:06:39 UTC 2026
// 同步 ID: 67904a5d @ Sat Aug  1 22:11:16 UTC 2026
